// Jest Snapshot v1, https://goo.gl/fbAQLP

exports[`FriendLobby2 snapshot 1`] = `
<DocumentFragment>
  <button
    class="arrow-2Friend2"
  />
  <button
    class="arrow-3Friend2"
  />
  <div
    class="image-Sportik2"
  >
    <button
      class="button"
    >
      &lt;Спортик&gt;
    </button>
  </div>
</DocumentFragment>
`;
