// Jest Snapshot v1, https://goo.gl/fbAQLP

exports[`FriendLobby1 snapshot 1`] = `
<DocumentFragment>
  <button
    class="arrow-2Friend1"
  />
  <button
    class="arrow-3Friend1"
  />
  <div
    class="image-Sportik1"
  >
    <button
      class="button"
    >
      &lt;Спортик&gt;
    </button>
  </div>
<DocumentFragment/>
`;
