// Jest Snapshot v1, https://goo.gl/fbAQLP

exports[`Mediator Mediator snapshot 1`] = `
<DocumentFragment>
  <pre>
    {
  "events": {
    "event1": [],
    "event2": []
  },
  "EVENTS": {
    "event1": "description1",
    "event2": "description2"
  },
  "triggers": {},
  "TRIGGERS": {
    "trigger1": "description1",
    "trigger2": "description2"
  }
}
  </pre>
</DocumentFragment>
`;
