// Jest Snapshot v1, https://goo.gl/fbAQLP

exports[`Menu snapshot 1`] = `
<DocumentFragment>
  <div
    class="mainMenu"
    id="test-mainMemu"
  >
    <div
      style="height: 200px; width: 200px; position: absolute; bottom: 200px; right: 200px;"
    />
    <img
      class="photo-button"
      id="test-logo"
      src="logo.png"
    />
    <div
      class="buttons-container"
    >
      <div
        class="button1"
        id="test-play"
      >
        Играть
      </div>
      <div
        class="button2"
        id="test-heroes"
      >
        Герои
      </div>
      <div
        class="button3"
        id="test-settings"
      >
        Параметры
      </div>
    </div>
    <div
      class="profile-panel"
      id="test-profile"
    >
      <div
        class="user-profile"
        id="test-user"
      />
      <hr
        class="hr-user-profile1"
        id="test-hr1"
      />
      <div
        class="text-button"
        id="test-friends"
      >
        Друзья
      </div>
      <div
        class="text-Invitation"
        id="test-friends"
      >
        Приглашение
        <hr
          class="hr-line-Invitation"
          id="test-friends"
        />
      </div>
      <div
        class="new-profile-button"
      />
      <div
        style="left: 5px; height: 240px; width: 222px; position: absolute; bottom: 60px; right: 200px; overflow-y: hidden;"
      />
      <div
        class="your-friend-menu"
        id="test-friend-menu"
      >
        <div
          class="your-friend"
        >
          0: У Вас нету друзей,пхахахахахха!
        </div>
      </div>
      <hr
        class="hr-user-profile2"
        id="test-hr2"
      />
    </div>
    <button
      class="button-account"
      id="test-change-account"
    >
      Сменить аккаунт
    </button>
  </div>
</DocumentFragment>
`;
