// Jest Snapshot v1, https://goo.gl/fbAQLP

exports[`Panel snapshot 1`] = `
<DocumentFragment>
  <div>
    <div
      class="panel"
    />
    <div
      class="panel"
    />
    <div
      class="panel"
    />
    <div
      class="panel"
    />
    <div
      class="panel"
    />
    <div
      class="panel"
    />
  </div>
</DocumentFragment>
`;
