// Jest Snapshot v1, https://goo.gl/fbAQLP

exports[`Techguy Component renders correctly 1`] = `
<DocumentFragment>
  <div>
    <button
      class="arrow-3-heroes"
    />
    <div
      class="image-techguy-heroes"
    />
    <div
      class="panel-heroes"
    >
      <div
        class="text-heroes"
      >
        “Технарь”- имеет обычное здоровье в 100 единиц, увеличенный вдвое урон по парам “Математика” и “Программирование”. Предметы типа “Гаджет” улучшают характеристики в 1.5 раза сильнее.
      </div>
    </div>
  </div>
</DocumentFragment>
`;

exports[`TechguyPot Component renders correctly 1`] = `
<DocumentFragment>
  <div>
    <button
      class="arrow-3-heroes"
    />
    <div
      class="image-techguy-heroes"
    />
    <div
      class="panel-heroes"
    >
      <div
        class="text-heroes"
      >
        “Технарь”- имеет обычное здоровье в 100 единиц, увеличенный вдвое урон по парам “Математика” и “Программирование”. Предметы типа “Гаджет” улучшают характеристики в 1.5 раза сильнее.
      </div>
    </div>
  </div>
</DocumentFragment>
`;
